{
            "MerchantRequestID":"29928-866836-1",
            "CheckoutRequestID":"ws_CO_DMZ_437507645_11042019082001618",
            "ResponseCode": "0",
            "ResponseDescription":"Success. Request accepted for processing",
            "CustomerMessage":"Success. Request accepted for processing"
        }
        